node.exe : 
At C:\Program Files\no
dejs\npx.ps1:29 char:3
+   & $NODE_EXE 
$NPX_CLI_JS $args
+   ~~~~~~~~~~~~~~~~~~
~~~~~~~~~~~
    + CategoryInfo    
          : NotSpeci  
  fied: (:String) [   
 ], RemoteExceptio    
n
    + FullyQualifiedE 
   rrorId : NativeCo  
  mmandError
 
 Exception during 
run: src/tests/socket.
test.ts(6,1): error 
TS2593: Cannot find 
name 'describe'. Do 
you need to install 
type definitions for 
a test runner? Try 
`npm i --save-dev 
@types/jest` or `npm 
i --save-dev 
@types/mocha` and 
then add 'jest' or 
'mocha' to the types 
field in your 
tsconfig.
src/tests/socket.test.
ts(7,9): error 
TS7034: Variable 
'client1' implicitly 
has type 'any' in 
some locations where 
its type cannot be 
determined.
src/tests/socket.test.
ts(7,18): error 
TS7034: Variable 
'client2' implicitly 
has type 'any' in 
some locations where 
its type cannot be 
determined.
src/tests/socket.test.
ts(10,5): error 
TS2304: Cannot find 
name 'before'.
src/tests/socket.test.
ts(10,13): error 
TS7006: Parameter 
'done' implicitly has 
an 'any' type.
src/tests/socket.test.
ts(24,5): error 
TS2304: Cannot find 
name 'after'.
src/tests/socket.test.
ts(25,9): error 
TS7005: Variable 
'client1' implicitly 
has an 'any' type.
src/tests/socket.test.
ts(26,9): error 
TS7005: Variable 
'client2' implicitly 
has an 'any' type.
src/tests/socket.test.
ts(29,5): error 
TS2593: Cannot find 
name 'it'. Do you 
need to install type 
definitions for a 
test runner? Try `npm 
i --save-dev 
@types/jest` or `npm 
i --save-dev 
@types/mocha` and 
then add 'jest' or 
'mocha' to the types 
field in your 
tsconfig.
src/tests/socket.test.
ts(29,63): error 
TS7006: Parameter 
'done' implicitly has 
an 'any' type.
src/tests/socket.test.
ts(31,9): error 
TS7005: Variable 
'client1' implicitly 
has an 'any' type.
src/tests/socket.test.
ts(33,9): error 
TS7005: Variable 
'client1' implicitly 
has an 'any' type.
src/tests/socket.test.
ts(38,5): error 
TS2593: Cannot find 
name 'it'. Do you 
need to install type 
definitions for a 
test runner? Try `npm 
i --save-dev 
@types/jest` or `npm 
i --save-dev 
@types/mocha` and 
then add 'jest' or 
'mocha' to the types 
field in your 
tsconfig.
src/tests/socket.test.
ts(38,33): error 
TS7006: Parameter 
'done' implicitly has 
an 'any' type.
src/tests/socket.test.
ts(39,9): error 
TS7005: Variable 
'client1' implicitly 
has an 'any' type.
src/tests/socket.test.
ts(41,9): error 
TS7005: Variable 
'client1' implicitly 
has an 'any' type.
src/tests/socket.test.
ts(41,39): error 
TS7006: Parameter 
'id' implicitly has 
an 'any' type.
src/tests/socket.test.
ts(46,5): error 
TS2593: Cannot find 
name 'it'. Do you 
need to install type 
definitions for a 
test runner? Try `npm 
i --save-dev 
@types/jest` or `npm 
i --save-dev 
@types/mocha` and 
then add 'jest' or 
'mocha' to the types 
field in your 
tsconfig.
src/tests/socket.test.
ts(46,64): error 
TS7006: Parameter 
'done' implicitly has 
an 'any' type.
src/tests/socket.test.
ts(47,9): error 
TS7005: Variable 
'client1' implicitly 
has an 'any' type.
src/tests/socket.test.
ts(49,9): error 
TS7005: Variable 
'client1' implicitly 
has an 'any' type.
src/tests/socket.test.
ts(49,37): error 
TS7006: Parameter 
'state' implicitly 
has an 'any' type.
src/tests/socket.test.
ts(54,5): error 
TS2593: Cannot find 
name 'it'. Do you 
need to install type 
definitions for a 
test runner? Try `npm 
i --save-dev 
@types/jest` or `npm 
i --save-dev 
@types/mocha` and 
then add 'jest' or 
'mocha' to the types 
field in your 
tsconfig.
src/tests/socket.test.
ts(54,58): error 
TS7006: Parameter 
'done' implicitly has 
an 'any' type.
src/tests/socket.test.
ts(56,9): error 
TS7005: Variable 
'client2' implicitly 
has an 'any' type.
src/tests/socket.test.
ts(58,9): error 
TS7005: Variable 
'client1' implicitly 
has an 'any' type.
src/tests/socket.test.
ts(58,38): error 
TS7006: Parameter 
'data' implicitly has 
an 'any' type.
src/tests/socket.test.
ts(63,5): error 
TS2593: Cannot find 
name 'it'. Do you 
need to install type 
definitions for a 
test runner? Try `npm 
i --save-dev 
@types/jest` or `npm 
i --save-dev 
@types/mocha` and 
then add 'jest' or 
'mocha' to the types 
field in your 
tsconfig.
src/tests/socket.test.
ts(63,42): error 
TS7006: Parameter 
'done' implicitly has 
an 'any' type.
src/tests/socket.test.
ts(65,9): error 
TS7005: Variable 
'client1' implicitly 
has an 'any' type.
src/tests/socket.test.
ts(67,9): error 
TS7005: Variable 
'client2' implicitly 
has an 'any' type.
src/tests/socket.test.
ts(67,38): error 
TS7006: Parameter 
'content' implicitly 
has an 'any' type.

